/home/christapia50/Repos/ebook-reader/backend/venv/lib/python3.12/site-packages/torch/cuda/__init__.py:1174: UserWarning: Can't initialize NVML
  raw_cnt = _raw_device_count_nvml()
[bench] loading KPipeline ...
/home/christapia50/Repos/ebook-reader/backend/venv/lib/python3.12/site-packages/torch/cuda/__init__.py:1174: UserWarning: Can't initialize NVML
  raw_cnt = _raw_device_count_nvml()
/home/christapia50/Repos/ebook-reader/backend/venv/lib/python3.12/site-packages/torch/nn/modules/rnn.py:1011: UserWarning: dropout option adds dropout after all but last recurrent layer, so non-zero dropout expects num_layers greater than 1, but got dropout=0.2 and num_layers=1
  super().__init__("LSTM", *args, **kwargs)
/home/christapia50/Repos/ebook-reader/backend/venv/lib/python3.12/site-packages/torch/nn/utils/weight_norm.py:145: FutureWarning: `torch.nn.utils.weight_norm` is deprecated in favor of `torch.nn.utils.parametrizations.weight_norm`.
  WeightNorm.apply(module, name, dim)
/home/christapia50/Repos/ebook-reader/backend/venv/lib/python3.12/site-packages/torch/jit/_script.py:1491: FutureWarning: `torch.jit.script` is deprecated. Please switch to `torch.compile` or `torch.export`.
  warnings.warn(
[bench] load took 16.799s
[bench] book=cleancodebook.pdf speakable=9070 sampled=30
/home/christapia50/Repos/ebook-reader/backend/../docs/research/bench_synth.py:92: DeprecationWarning: __array__ implementation doesn't accept a copy keyword, so passing copy=False failed. __array__ must implement 'dtype' and 'copy' keyword arguments. To learn more, see the migration guide https://numpy.org/devdocs/numpy_2_0_migration_guide.html#adapting-to-changes-in-the-copy-keyword
  a = a if isinstance(a, np.ndarray) else np.array(a)
[bench]  0 chars=  10 wall=  8.416s audio= 1.550s rtf= 5.430
[bench]  1 chars=  70 wall= 11.304s audio= 4.400s rtf= 2.569
[bench]  2 chars=  27 wall=  6.918s audio= 1.925s rtf= 3.594
[bench]  3 chars=  63 wall=  9.095s audio= 4.125s rtf= 2.205
[bench]  4 chars= 104 wall= 11.287s audio= 6.975s rtf= 1.618
[bench]  5 chars=  61 wall= 12.650s audio= 4.075s rtf= 3.104
[bench]  6 chars= 124 wall= 24.297s audio=20.225s rtf= 1.201
[bench]  7 chars=  19 wall=  5.404s audio= 1.725s rtf= 3.132
[bench]  8 chars= 137 wall= 16.600s audio= 9.375s rtf= 1.771
[bench]  9 chars=  55 wall= 15.446s audio= 4.075s rtf= 3.791
[bench] 10 chars= 123 wall= 11.574s audio= 7.850s rtf= 1.474
[bench] 11 chars=  35 wall=  5.139s audio= 2.550s rtf= 2.015
[bench] 12 chars=  14 wall=  2.849s audio= 1.700s rtf= 1.676
[bench] 13 chars= 123 wall= 10.006s audio= 9.325s rtf= 1.073
[bench] 14 chars=   3 wall=  2.487s audio= 1.500s rtf= 1.658
[bench] 15 chars= 107 wall=  7.994s audio= 7.400s rtf= 1.080
[bench] 16 chars=  58 wall=  6.716s audio= 3.825s rtf= 1.756
[bench] 17 chars=  57 wall=  5.846s audio= 4.375s rtf= 1.336
[bench] 18 chars=  96 wall=  8.990s audio= 7.025s rtf= 1.280
[bench] 19 chars=  80 wall=  9.137s audio= 6.650s rtf= 1.374
[bench] 20 chars=  83 wall=  6.056s audio= 6.400s rtf= 0.946
[bench] 21 chars=   2 wall=  1.944s audio= 1.325s rtf= 1.467
[bench] 22 chars=  67 wall=  7.051s audio= 4.225s rtf= 1.669
[bench] 23 chars= 253 wall= 21.086s audio=19.150s rtf= 1.101
[bench] 24 chars=  25 wall=  4.044s audio= 2.525s rtf= 1.601
[bench] 25 chars= 125 wall=  9.781s audio= 8.625s rtf= 1.134
[bench] 26 chars=  77 wall=  5.803s audio= 5.000s rtf= 1.161
[bench] 27 chars=  10 wall=  2.575s audio= 1.550s rtf= 1.661
[bench] 28 chars=  81 wall= 16.037s audio=14.700s rtf= 1.091
[bench] 29 chars=  80 wall= 18.931s audio=10.225s rtf= 1.851

[bench] wrote /home/christapia50/Repos/ebook-reader/docs/research/bench_synth.json
{
  "cold_first_call_wall_s": 8.4157,
  "warm_n": 29,
  "warm_mean_wall_s": 9.5534,
  "warm_median_wall_s": 8.9902,
  "warm_stdev_wall_s": 5.725,
  "warm_min_wall_s": 1.9444,
  "warm_max_wall_s": 24.2968,
  "warm_mean_audio_s": 6.3043,
  "warm_mean_rtf": 1.7721,
  "warm_median_rtf": 1.6182,
  "warm_max_rtf": 3.7905,
  "sentence_per_second": 0.1047
}
